Traceback (most recent call last):
  File "E:\omniai-studio-universe\hub-backend\tests\full_integration_test.py", line 11, in <module>
    from app.main import app
  File "E:\omniai-studio-universe\hub-backend\tests\..\app\main.py", line 4, in <module>
    from app.config import settings
  File "E:\omniai-studio-universe\hub-backend\tests\..\app\config.py", line 19, in <module>
    settings = Settings()
               ^^^^^^^^^^
  File "C:\Users\DELL\AppData\Roaming\Python\Python311\site-packages\pydantic_settings\main.py", line 194, in __init__
    super().__init__(
  File "C:\Users\DELL\AppData\Roaming\Python\Python311\site-packages\pydantic\main.py", line 250, in __init__
    validated_self = self.__pydantic_validator__.validate_python(data, self_instance=self)
                     ^^^^^^^^^^^^^^^^^^^^^^^^^^^^^^^^^^^^^^^^^^^^^^^^^^^^^^^^^^^^^^^^^^^^^
pydantic_core._pydantic_core.ValidationError: 6 validation errors for Settings
app_name
  Extra inputs are not permitted [type=extra_forbidden, input_value='OmniAI Studio Universe API', input_type=str]
    For further information visit https://errors.pydantic.dev/2.12/v/extra_forbidden
backend_cors_origins
  Extra inputs are not permitted [type=extra_forbidden, input_value='http://localhost:3000,ht...hub-frontend.vercel.app', input_type=str]
    For further information visit https://errors.pydantic.dev/2.12/v/extra_forbidden
jwt_refresh_secret_key
  Extra inputs are not permitted [type=extra_forbidden, input_value='refreshsecretkey456', input_type=str]
    For further information visit https://errors.pydantic.dev/2.12/v/extra_forbidden
jwt_alg
  Extra inputs are not permitted [type=extra_forbidden, input_value='HS256', input_type=str]
    For further information visit https://errors.pydantic.dev/2.12/v/extra_forbidden
access_token_expire_minutes
  Extra inputs are not permitted [type=extra_forbidden, input_value='30', input_type=str]
    For further information visit https://errors.pydantic.dev/2.12/v/extra_forbidden
refresh_token_expire_minutes
  Extra inputs are not permitted [type=extra_forbidden, input_value='10080', input_type=str]
    For further information visit https://errors.pydantic.dev/2.12/v/extra_forbidden
